// Jest Snapshot v1, https://goo.gl/fbAQLP

exports[`AddCategory component should create component 1`] = `
<form
  onSubmit={[Function]}
>
  <p>
    search by category
  </p>
  <input
    onChange={[Function]}
    type="text"
    value="search by category"
  />
</form>
`;
