// Jest Snapshot v1, https://goo.gl/fbAQLP

exports[`should test GiftGrid component should render giftGrid component 1`] = `
<Fragment>
  <h3
    className="animate__animated animate__bounce"
  >
     
    dragon ball
     
  </h3>
  <p>
    loading...
  </p>
  <div
    className="grid-gift"
  />
</Fragment>
`;
